import time: self [us] | cumulative | imported package
import time:       388 |        388 |   _io
import time:       214 |        214 |   marshal
import time:       762 |        762 |   posix
import time:     12070 |      13432 | _frozen_importlib_external
import time:       273 |        273 |   time
import time:      3095 |       3368 | zipimport
import time:       169 |        169 |     _codecs
import time:      2357 |       2526 |   codecs
import time:       992 |        992 |   encodings.aliases
import time:      4148 |       7664 | encodings
import time:       529 |        529 | encodings.utf_8
import time:       260 |        260 | _signal
import time:       109 |        109 |       _abc
import time:      2152 |       2261 |     abc
import time:       127 |        127 |       _stat
import time:      1241 |       1368 |     stat
import time:      1467 |       1467 |     _collections_abc
import time:       111 |        111 |       errno
import time:       294 |        294 |       genericpath
import time:      2435 |       2838 |     posixpath
import time:      5195 |      13128 |   os
import time:       325 |        325 |   _sitebuiltins
import time:       340 |        340 |   encodings.utf_8_sig
import time:     16057 |      16057 |   _distutils_hack
import time:       585 |        585 |     apport_python_hook
import time:      1402 |       1987 |   sitecustomize
import time:     37290 |      69124 | site
import time:      4748 |       4748 |     importlib
import time:      1325 |       6072 |   importlib.machinery
import time:       515 |        515 |     importlib._abc
import time:       144 |        144 |       _types
import time:      4101 |       4244 |     types
import time:      8349 |      13108 |   importlib.util
import time:       609 |        609 |   io
import time:      3689 |      23477 | runpy
import time:       804 |        804 |   __future__
import time:     14960 |      14960 |     _pytest._version
import time:     18431 |      33390 |   _pytest
import time:      1573 |       1573 |         _ast
import time:      1925 |       3497 |       ast
import time:       178 |        178 |           itertools
import time:       540 |        540 |           keyword
import time:       133 |        133 |             _operator
import time:      1662 |       1795 |           operator
import time:       755 |        755 |           reprlib
import time:       198 |        198 |           _collections
import time:      6011 |       9475 |         collections
import time:       893 |      10368 |       collections.abc
import time:      2746 |       2746 |           enum
import time:       138 |        138 |             _sre
import time:       518 |        518 |               re._constants
import time:      1645 |       2162 |             re._parser
import time:       293 |        293 |             re._casefix
import time:      3812 |       6403 |           re._compiler
import time:       183 |        183 |             _functools
import time:      2370 |       2553 |           functools
import time:       645 |        645 |           copyreg
import time:      6576 |      18921 |         re
import time:       972 |        972 |             _weakrefset
import time:      2605 |       3577 |           weakref
import time:      1834 |       5411 |         copy
import time:      1296 |       1296 |           annotationlib
import time:        93 |         93 |               _opcode
import time:       897 |        897 |               _opcode_metadata
import time:      3452 |       4441 |             opcode
import time:      3304 |       7745 |           dis
import time:       777 |        777 |           linecache
import time:      6197 |       6197 |             token
import time:       191 |        191 |             _tokenize
import time:      4773 |      11160 |           tokenize
import time:     10142 |      31119 |         inspect
import time:      7826 |      63275 |       dataclasses
import time:      1632 |       1632 |           contextlib
import time:       802 |        802 |           fnmatch
import time:      3386 |       5819 |         glob
import time:       178 |        178 |         pwd
import time:       205 |        205 |         grp
import time:       174 |        174 |           fcntl
import time:       821 |        821 |           _winapi
import time:      2961 |       3954 |         pathlib._os
import time:       845 |        845 |           _winapi
import time:       633 |        633 |           nt
import time:       834 |        834 |           nt
import time:       658 |        658 |           nt
import time:       741 |        741 |           nt
import time:       788 |        788 |           nt
import time:       810 |        810 |           nt
import time:       712 |        712 |           nt
import time:      7277 |      13297 |         ntpath
import time:      6437 |      29887 |       pathlib
import time:      1492 |       1492 |         textwrap
import time:       136 |        136 |             _contextvars
import time:      2076 |       2212 |           _py_warnings
import time:      1252 |       3463 |         warnings
import time:      8767 |       8767 |         _colorize
import time:      5684 |      19405 |       traceback
import time:        91 |         91 |         _typing
import time:      4854 |       4944 |       typing
import time:      9439 |       9439 |           pluggy._result
import time:     16534 |      25972 |         pluggy._hooks
import time:     10411 |      10411 |           pluggy._tracing
import time:      7799 |       7799 |             pluggy._warnings
import time:      8959 |      16757 |           pluggy._callers
import time:     11328 |      38495 |         pluggy._manager
import time:      7357 |       7357 |         pluggy._version
import time:     16194 |      88016 |       pluggy
import time:       128 |        128 |           _bisect
import time:      1846 |       1974 |         bisect
import time:     17732 |      19705 |       _pytest._code.source
import time:       153 |        153 |             zlib
import time:       681 |        681 |                 compression
import time:      1635 |       2316 |               compression._common
import time:       598 |        598 |               compression._common._streams
import time:       870 |        870 |               _bz2
import time:      5096 |       8879 |             bz2
import time:       953 |        953 |               _lzma
import time:      2023 |       2975 |             lzma
import time:      1280 |       1280 |               _zstd
import time:       558 |        558 |               compression.zstd._zstdfile
import time:      3365 |       5202 |             compression.zstd
import time:      4788 |      21995 |           shutil
import time:     10773 |      10773 |           pygments
import time:    115413 |     115413 |               pygments.formatters._mapping
import time:       144 |        144 |                         _json
import time:      2203 |       2346 |                       json.scanner
import time:      3630 |       5976 |                     json.decoder
import time:      1104 |       1104 |                     json.encoder
import time:      3268 |      10347 |                   json
import time:       916 |        916 |                   email
import time:       247 |        247 |                     binascii
import time:       246 |        246 |                       _struct
import time:      2395 |       2640 |                     struct
import time:      2608 |       2608 |                     threading
import time:       288 |        288 |                       zipfile._path.glob
import time:      1936 |       2223 |                     zipfile._path
import time:      6832 |      14549 |                   zipfile
import time:       851 |        851 |                   importlib.metadata._meta
import time:       788 |        788 |                   importlib.metadata._collections
import time:       413 |        413 |                   importlib.metadata._functools
import time:       328 |        328 |                   importlib.metadata._itertools
import time:      1112 |       1112 |                   importlib.abc
import time:     11908 |      41209 |                 importlib.metadata
import time:     33073 |      74282 |               pygments.plugin
import time:     14034 |      14034 |               pygments.util
import time:     23719 |     227445 |             pygments.formatters
import time:     36249 |      36249 |                 pygments.styles._mapping
import time:     34462 |      70710 |               pygments.styles
import time:     18629 |      89339 |             pygments.formatter
import time:     16946 |      16946 |             pygments.token
import time:     10970 |      10970 |             pygments.console
import time:     41828 |     386525 |           pygments.formatters.terminal
import time:     13241 |      13241 |             pygments.filter
import time:     26668 |      26668 |             pygments.filters
import time:     12978 |      12978 |             pygments.regexopt
import time:     19769 |      72655 |           pygments.lexer
import time:     28722 |      28722 |               pygments.lexers._mapping
import time:     10102 |      10102 |               pygments.modeline
import time:     23076 |      61899 |             pygments.lexers
import time:     16689 |      78587 |           pygments.lexers.diff
import time:     18924 |      18924 |             pygments.unistring
import time:     22903 |      41827 |           pygments.lexers.python
import time:     27618 |      27618 |                 _pytest._py
import time:     41319 |      68937 |               _pytest._py.error
import time:       192 |        192 |                 atexit
import time:      1441 |       1441 |                   _uuid
import time:      2970 |       4411 |                 uuid
import time:     29247 |      33849 |               _pytest._py.path
import time:     15647 |     118433 |             py
import time:     16926 |     135358 |           _pytest.compat
import time:       262 |        262 |             unicodedata
import time:     23041 |      23303 |           _pytest._io.wcwidth
import time:     35888 |     806907 |         _pytest._io.terminalwriter
import time:     18927 |     825833 |       _pytest._io
import time:      1505 |       1505 |         pprint
import time:     24163 |      25667 |       _pytest._io.saferepr
import time:     58671 |      58671 |         _pytest.warning_types
import time:     19209 |      77879 |       _pytest.deprecated
import time:     26415 |      26415 |         _pytest.outcomes
import time:     27244 |      53659 |       _pytest.pathlib
import time:     56148 |    1278278 |     _pytest._code.code
import time:     26107 |    1304385 |   _pytest._code
import time:       218 |        218 |                 math
import time:       183 |        183 |                 _random
import time:      8115 |       8515 |               random
import time:      5944 |      14458 |             tempfile
import time:      1650 |       1650 |             importlib.resources.abc
import time:      5743 |      21850 |           importlib.resources._common
import time:       572 |        572 |           importlib.resources._functional
import time:      3625 |      26046 |         importlib.resources
import time:      3410 |      29456 |       importlib.resources.abc
import time:       303 |        303 |         importlib.resources._itertools
import time:      3348 |       3651 |       importlib.resources.readers
import time:     26969 |      26969 |             _pytest.assertion._typing
import time:     34633 |      61601 |           _pytest.assertion._compare_mapping
import time:     20119 |      20119 |             _pytest._io.pprint
import time:     26179 |      46297 |           _pytest.assertion._compare_sequence
import time:     21761 |      21761 |           _pytest.assertion._compare_set
import time:     15647 |      15647 |           _pytest.assertion._guards
import time:     15548 |      15548 |             _pytest.assertion.highlight
import time:     14213 |      29761 |           _pytest.assertion.compare_text
import time:     36684 |     211749 |         _pytest.assertion._compare_any
import time:       914 |        914 |             gettext
import time:      3164 |       4077 |           argparse
import time:       954 |        954 |           shlex
import time:     21502 |      21502 |           _pytest.config.exceptions
import time:     10305 |      10305 |                 iniconfig.exceptions
import time:     16241 |      26546 |               iniconfig._parse
import time:     14397 |      40942 |             iniconfig
import time:     18236 |      59177 |           _pytest.config.findpaths
import time:     12845 |      12845 |           _pytest.config.argparsing
import time:      9586 |       9586 |           _pytest.hookspec
import time:      9076 |       9076 |           _pytest.stash
import time:     34969 |     152182 |         _pytest.config
import time:     29932 |     393862 |       _pytest.assertion.util
import time:     25056 |      25056 |               _pytest.mark.expression
import time:      9975 |       9975 |                 _pytest.raises
import time:      9547 |       9547 |                 _pytest.scope
import time:     19345 |      38865 |               _pytest.mark.structures
import time:     23731 |      87651 |             _pytest.mark
import time:      1139 |      88790 |           _pytest.mark.structures
import time:     12089 |     100878 |         _pytest.nodes
import time:     12902 |      12902 |           _pytest.reports
import time:      2354 |       2354 |             bdb
import time:       175 |        175 |                 _datetime
import time:      3744 |       3918 |               datetime
import time:     15824 |      19742 |             _pytest.timing
import time:     14063 |      36159 |           _pytest.runner
import time:     17164 |      66224 |         _pytest.main
import time:     16718 |     183819 |       _pytest.fixtures
import time:     89076 |     699860 |     _pytest.assertion.rewrite
import time:     12003 |      12003 |     _pytest.assertion.truncate
import time:     52514 |     764377 |   _pytest.assertion
import time:     10939 |      10939 |   _pytest.cacheprovider
import time:     14652 |      14652 |   _pytest.capture
import time:      9707 |       9707 |   _pytest.debugging
import time:      1133 |       1133 |       _wmi
import time:      4632 |       5765 |     platform
import time:     20187 |      20187 |     _pytest.python
import time:       856 |        856 |           numbers
import time:      2561 |       3417 |         _decimal
import time:      1452 |       4868 |       decimal
import time:     11367 |      16235 |     _pytest.python_api
import time:     16718 |      58903 |   _pytest.doctest
import time:     12915 |      12915 |   _pytest.freeze_support
import time:       276 |        276 |         _locale
import time:      5638 |       5914 |       locale
import time:      2003 |       2003 |       signal
import time:       861 |        861 |       msvcrt
import time:       183 |        183 |       _posixsubprocess
import time:       187 |        187 |       select
import time:      1596 |       1596 |       selectors
import time:      9041 |      19782 |     subprocess
import time:     14513 |      14513 |     _pytest.monkeypatch
import time:       178 |        178 |       gc
import time:     22320 |      22320 |       _pytest.tmpdir
import time:     33902 |      56399 |     _pytest.pytester
import time:     19962 |      19962 |     _pytest.terminal
import time:     20336 |     130990 |   _pytest.legacypath
import time:       128 |        128 |         _string
import time:      2419 |       2547 |       string
import time:      5744 |       8290 |     logging
import time:     18623 |      26912 |   _pytest.logging
import time:     11300 |      11300 |   _pytest.recwarn
import time:     12811 |      12811 |   _pytest.subtests
import time:     31396 |    2423473 | pytest
import time:     10254 |      10254 | _pytest._argcomplete
import time:       637 |        637 |     unittest.util
import time:      2069 |       2706 |   unittest.result
import time:       145 |        145 |         _heapq
import time:      2222 |       2366 |       heapq
import time:      2536 |       4901 |     difflib
import time:      4347 |       9248 |   unittest.case
import time:       918 |        918 |   unittest.suite
import time:      1072 |       1072 |   unittest.loader
import time:       237 |        237 |       unittest.signals
import time:      1562 |       1799 |     unittest.runner
import time:      1705 |       3503 |   unittest.main
import time:      7007 |      24452 | unittest
import time:       676 |        676 |     xml
import time:      1087 |       1763 |   xml.etree
import time:      1090 |       1090 |   xml.etree.ElementPath
import time:       386 |        386 |     pyexpat
import time:      1379 |       1765 |   _elementtree
import time:      6615 |      11231 | xml.etree.ElementTree
import time:      9844 |       9844 | _pytest.tracemalloc
import time:      1809 |       1809 |     tomllib._re
import time:      1839 |       3648 |   tomllib._parser
import time:      2001 |       5649 | tomllib
import time:       260 |        260 |   _csv
import time:      2680 |       2939 | csv
import time:     40616 |      40616 |   anyio._core
import time:     39598 |      80213 | anyio._core._contextmanagers
import time:       961 |        961 |   contextvars
import time:     23810 |      23810 |   anyio._core._exceptions
import time:       917 |        917 |   sniffio
import time:     27682 |      53369 | anyio._core._eventloop
import time:     21726 |      21726 |   anyio.to_thread
import time:       585 |        585 |         _socket
import time:      5547 |       6132 |       socket
import time:     39567 |      45699 |     anyio.abc._eventloop
import time:     28111 |      28111 |     anyio.abc._resources
import time:      2720 |       2720 |       ipaddress
import time:     29209 |      29209 |       anyio._core._typedattr
import time:     40500 |      40500 |         anyio.abc._tasks
import time:     36764 |      77264 |       anyio.abc._streams
import time:     36233 |     145425 |     anyio.abc._sockets
import time:     35020 |      35020 |     anyio.abc._subprocesses
import time:     39222 |      39222 |     anyio.abc._testing
import time:     36811 |      36811 |       anyio.lowlevel
import time:     39996 |      39996 |       anyio._core._tasks
import time:     35692 |      35692 |       anyio._core._testing
import time:     63141 |     175639 |     anyio._core._synchronization
import time:      1063 |       1063 |         concurrent
import time:      1479 |       1479 |         concurrent.futures._base
import time:      1129 |       1129 |         _interpreters
import time:      7383 |      11053 |       concurrent.futures
import time:     30217 |      41270 |     anyio.from_thread
import time:     47077 |     557459 |   anyio.abc
import time:      1349 |       1349 |   pathlib.types
import time:     37390 |     617921 | anyio._core._fileio
import time:     33684 |      33684 | anyio._core._resources
import time:     24589 |      24589 | anyio._core._signals
import time:      3770 |       3770 |     _ssl
import time:      1346 |       1346 |     base64
import time:      7831 |      12946 |   ssl
import time:     29867 |      29867 |     anyio.streams
import time:     37910 |      67776 |   anyio.streams.stapled
import time:     27471 |      27471 |   anyio.streams.tls
import time:     31425 |     139617 | anyio._core._sockets
import time:     31737 |      31737 |   anyio.streams.memory
import time:     29989 |      61725 | anyio._core._streams
import time:     29152 |      29152 | anyio._core._subprocesses
import time:     31036 |      31036 | anyio._core._tempfile
import time:       445 |        445 | array
import time:       824 |        824 |     asyncio.constants
import time:       505 |        505 |     asyncio.coroutines
import time:       437 |        437 |       asyncio.format_helpers
import time:       587 |        587 |         asyncio.base_futures
import time:      1070 |       1070 |         asyncio.exceptions
import time:      1082 |       1082 |         asyncio.base_tasks
import time:      6651 |       9389 |       _asyncio
import time:      3670 |      13495 |     asyncio.events
import time:       905 |        905 |     asyncio.futures
import time:       578 |        578 |     asyncio.protocols
import time:       651 |        651 |       asyncio.transports
import time:       435 |        435 |       asyncio.log
import time:      4293 |       5378 |     asyncio.sslproto
import time:       770 |        770 |         asyncio.mixins
import time:      4038 |       4808 |       asyncio.locks
import time:       947 |        947 |         asyncio.queues
import time:      1094 |       1094 |         asyncio.timeouts
import time:      4001 |       6040 |       asyncio.tasks
import time:      9551 |      20399 |     asyncio.staggered
import time:       780 |        780 |     asyncio.trsock
import time:     16513 |      59372 |   asyncio.base_events
import time:      4587 |       4587 |   asyncio.graph
import time:      1267 |       1267 |   asyncio.runners
import time:      1292 |       1292 |   asyncio.streams
import time:       759 |        759 |   asyncio.subprocess
import time:       957 |        957 |   asyncio.taskgroups
import time:       609 |        609 |   asyncio.threads
import time:       910 |        910 |     asyncio.base_subprocess
import time:      1803 |       1803 |     asyncio.selector_events
import time:      4189 |       6902 |   asyncio.unix_events
import time:     13522 |      89265 | asyncio
import time:      1030 |       1030 |   _queue
import time:      2321 |       3351 | queue
import time:       932 |        932 |   trio
import time:      1162 |       2093 | trio.from_thread
import time:     27098 |      27098 |       faker.utils
import time:      1290 |       1290 |       pkgutil
import time:     31312 |      59699 |     faker.utils.loading
import time:     12554 |      12554 |       faker.typing
import time:     11611 |      24165 |     faker.generator
import time:     20162 |      20162 |     faker.utils.distribution
import time:     12429 |      12429 |           sysconfig
import time:      3084 |      15512 |         zoneinfo._tzpath
import time:       607 |        607 |         zoneinfo._common
import time:       853 |        853 |         _zoneinfo
import time:      3347 |      20319 |       zoneinfo
import time:      2021 |       2021 |       calendar
import time:     29566 |      51905 |     faker.providers.date_time
import time:       738 |        738 |       colorsys
import time:     22277 |      23014 |     faker.providers.color.color
import time:     78918 |      78918 |       faker.decode.codes
import time:     23428 |     102346 |     faker.decode
import time:     24526 |      24526 |       faker.utils.text
import time:     29395 |      53921 |     faker.utils.decorators
import time:     44222 |      44222 |       faker.providers.lorem
import time:     67558 |     111780 |     faker.providers.lorem.en_US
import time:     35049 |      35049 |     faker.providers.isbn.isbn
import time:      3452 |       3452 |       _hashlib
import time:       320 |        320 |       _blake2
import time:      3279 |       7050 |     hashlib
import time:      3615 |       3615 |     tarfile
import time:     13273 |      13273 |     faker.exceptions
import time:     21177 |      21177 |     faker.providers.python
import time:     22131 |      22131 |     faker.utils.datasets
import time:     22833 |      22833 |     faker.providers.sbn.rules
import time:     19050 |      19050 |     faker.providers.sbn.sbn
import time:   6756495 |    7347655 |   faker.config
import time:     19430 |    7367084 | faker.factory
import time:     16004 |      16004 | faker.proxy
import time:      1994 |       1994 | readline
import time:       275 |        275 | faulthandler
import time:      1686 |       1686 |   cmd
import time:      8354 |       8354 |     codeop
import time:      4321 |      12675 |   code
import time:      2727 |       2727 |     _pyrepl
import time:       809 |        809 |     _pyrepl.types
import time:      5416 |       5416 |     _pyrepl.trace
import time:     29644 |      38595 |   _pyrepl.utils
import time:     19324 |      72278 | pdb
